
========================================
=            VI-CarRealTime            =
========================================
  VERSION : 2025.2
  REVISION: 9b78eed1c5/release/2025.2
  BUILT ON: lupus/28-May-25
========================================


Event data is being read from input XML file...

Performing the simulation: CFR27_comp_sin.


Initializing powertrain / driveline...
Done.

Initializing aero force...
Done.

Initializing tires...
Loading road data file... (file=C:/PROGRA~1/VI-grade/VI-CAR~1/acarrt/CARREA~1.CDB/roads.tbl/flat.rdf)

road file total reading time = 0.001s

FLAT road model has been initialized...

initializing VI-TIRE Pacejka 96/02 model... OK

initializing VI-TIRE Pacejka 96/02 model... OK

initializing VI-TIRE Pacejka 96/02 model... OK

initializing VI-TIRE Pacejka 96/02 model... OK

Done.

Initializing driver...

Done.


Solving for static equilibrium...


Performing Vehicle Setup...


Solving for static equilibrium...

Static equilibrium has been achieved.
Elapsed Simulation Time:  3.863 (sec).
Elapsed Clock Time:  0.066 (sec).


Setup Completed.


Performing dynamic simulation...

Simulation Progress (percent complete):
0                      50                      100
-------------------------------------------------

======================================
=           VI-CarRealTime           =
=    VEHICLE SIMULATION STATISTICS   =
======================================

 --- Simulation Statistics ---
>> LAP TIME           = 10.000000 sec
>> LAT ACCEL MAX      = 0.266217 G
>> LAT ACCEL MIN      = -0.266181 G
>> LON ACCEL MAX      = 1.059830 G
>> LON ACCEL MIN      = 0.945106 G
>> LON SPEED MAX      = 18.024759 km/h
>> LON SPEED MIN      = 17.956621 km/h
>> LON SPEED AVG      = 17.992808 km/h
>> STEERING MAX       = 29.999852 deg
>> STEERING MIN       = -29.999852 deg


Writing output to file. Please Wait ...


Elapsed Simulation Time:  10.000 (sec).
Elapsed Clock Time:  0.666 (sec).
Computational Efficiency:  15.015 (sim. sec)/(sec).


Simulation is complete.
