
========================================
=            VI-CarRealTime            =
========================================
  VERSION : 2025.2
  REVISION: 9b78eed1c5/release/2025.2
  BUILT ON: lupus/28-May-25
========================================


Event data is being read from input XML file...

Performing the simulation: CFR26_step.


Initializing powertrain / driveline...
Done.

Initializing aero force...
Done.

Initializing tires...
Loading road data file... (file=C:/PROGRA~1/VI-grade/VI-CAR~1/acarrt/CARREA~1.CDB/roads.tbl/flat.rdf)

road file total reading time = 0.001s

FLAT road model has been initialized...

initializing VI-TIRE Pacejka 96/02 model... OK

initializing VI-TIRE Pacejka 96/02 model... OK

initializing VI-TIRE Pacejka 96/02 model... OK

initializing VI-TIRE Pacejka 96/02 model... OK

Done.

Initializing driver...

Done.


Solving for static equilibrium...


Performing Vehicle Setup...
 -- WARNING -- One or more setup targets are close to 0: 
 -- WARNING -- the computed relative setup error could be inaccurate.
 -- WARNING -- Please check the report file.
 -- WARNING -- 
 -- WARNING -- 
 -- WARNING -- Setup targets have not been achieved 
 -- WARNING -- within the maximum allowed tolerance:
 -- WARNING -- ride height   -  (1.00%).
 -- WARNING -- Maximum error:  (0.00%).
 -- WARNING -- cross weigth  -  (1.00%).
 -- WARNING -- Maximum error:  (0.00%).
 -- WARNING --          pin height    -  (1.00%).
 -- WARNING --          Maximum error:  (100.00%).



Solving for static equilibrium...

Static equilibrium has been achieved.
Elapsed Simulation Time:  5.182 (sec).
Elapsed Clock Time:  0.084 (sec).


Setup Completed.


Performing dynamic simulation...

Simulation Progress (percent complete):
0                      50                      100
-------------------------------------------------

======================================
=           VI-CarRealTime           =
=    VEHICLE SIMULATION STATISTICS   =
======================================

 --- Simulation Statistics ---
>> LAP TIME           = 10.000000 sec
>> LAT ACCEL MAX      = 0.000036 G
>> LAT ACCEL MIN      = -0.268702 G
>> LON ACCEL MAX      = 1.059842 G
>> LON ACCEL MIN      = 0.941074 G
>> LON SPEED MAX      = 18.008831 km/h
>> LON SPEED MIN      = 17.967176 km/h
>> LON SPEED AVG      = 17.993161 km/h
>> STEERING MAX       = 30.000000 deg
>> STEERING MIN       = 0.000000 deg


Writing output to file. Please Wait ...


Elapsed Simulation Time:  10.000 (sec).
Elapsed Clock Time:  0.710 (sec).
Computational Efficiency:  14.085 (sim. sec)/(sec).


Simulation is complete.
